22:39:53 | INFO: Data are loaded, start creating Blender stuff
22:39:53 | INFO: Blender create Mesh node Sphere.010
22:39:53 | INFO: Blender create Mesh node Sphere.011
22:39:53 | INFO: Blender create Mesh node Sphere.005
22:39:53 | INFO: Blender create Mesh node Sphere.008
22:39:53 | INFO: Blender create Mesh node Sphere.003
22:39:53 | INFO: Blender create Mesh node Sphere.006
22:39:53 | INFO: Blender create Mesh node Sphere.009
22:39:53 | INFO: Blender create Mesh node Sphere.002
22:39:53 | INFO: Blender create Mesh node Cube.004
22:39:53 | INFO: Blender create Mesh node Sphere.012
22:39:53 | INFO: Blender create Mesh node Sphere.004
22:39:53 | INFO: Blender create Mesh node Sphere.007
22:39:53 | INFO: Blender create Mesh node Cone.002
22:39:53 | INFO: Blender create Mesh node Sphere.015
22:39:53 | INFO: Blender create Mesh node Sphere.014
22:39:53 | INFO: Blender create Mesh node Cone.001
22:39:53 | INFO: Blender create Mesh node Sphere.013
22:39:53 | INFO: Blender create Mesh node Cone
22:39:53 | INFO: Blender create Mesh node Cone.005
22:39:53 | INFO: Blender create Mesh node Sphere.018
22:39:53 | INFO: Blender create Mesh node Sphere.017
22:39:53 | INFO: Blender create Mesh node Cone.004
22:39:53 | INFO: Blender create Mesh node Sphere.016
22:39:53 | INFO: Blender create Mesh node Cone.003
22:39:53 | INFO: Blender create Mesh node Sphere.001
22:39:53 | INFO: Blender create Mesh node Sphere
22:39:53 | INFO: Blender create Mesh node Cube.003
22:39:53 | INFO: Blender create Mesh node Cube.001
22:39:53 | INFO: Blender create Mesh node Cube.002
22:39:53 | INFO: glTF import finished in 0.48s
00:30.656  render           | Saved: 'C:\SahilAppProjects\Spruce-M\assets\previews\10_import_check.png'
PART Ear (0.1199999526143074, 0.1199999451637268, 0.1899999976158142) (-0.3099031150341034, 0.007749245036393404, 1.5699996948242188)
PART Ear.001 (0.1199999526143074, 0.1199999451637268, 0.1899999976158142) (0.3099031150341034, -0.007749125827103853, 1.5699996948242188)
PART Eye glint (0.025999991223216057, 0.013999993912875652, 0.035999998450279236) (-0.1355092078447342, -0.2987058758735657, 1.6379996538162231)
PART Eye glint.001 (0.025999991223216057, 0.013999993912875652, 0.035999998450279236) (0.09441892057657242, -0.3044552803039551, 1.6379996538162231)
PART Eye white (0.1799999475479126, 0.07999996095895767, 0.20999999344348907) (-0.1212134063243866, -0.24704709649085999, 1.609999656677246)
PART Eye white.001 (0.1799999475479126, 0.07999996095895767, 0.20999999344348907) (0.10871471464633942, -0.2527965009212494, 1.609999656677246)
PART Hair cap (0.6599997878074646, 0.539999783039093, 0.2800000011920929) (0.000874908349942416, 0.0349891372025013, 1.7799997329711914)
PART Head (0.6399996876716614, 0.539999783039093, 0.6399999856948853) (2.5457276121218498e-16, 5.853080864426374e-08, 1.549999713897705)
PART Headband (0.550000011920929, 0.09000000357627869, 0.07000000029802322) (-0.005499422084540129, -0.21993114054203033, 1.7799997329711914)
PART Nose (0.10999995470046997, 0.13999994099140167, 0.12999999523162842) (-0.007174246478825808, -0.2869102358818054, 1.519999623298645)
PART Pupil (0.08399996906518936, 0.03799998387694359, 0.12600000202655792) (-0.12206331640481949, -0.28103646636009216, 1.609999656677246)
PART Pupil.001 (0.08399996906518936, 0.03799998387694359, 0.12600000202655792) (0.10786480456590652, -0.28678587079048157, 1.609999656677246)
PART Forearm (0.15999990701675415, 0.15999993681907654, 0.24331042170524597) (-0.4646055996417999, -0.17844194173812866, 0.9199996590614319)
PART Glove (0.18999981880187988, 0.17999987304210663, 0.17999997735023499) (-0.46760526299476624, -0.29840439558029175, 0.9399997591972351)
PART Elbow (0.15999989211559296, 0.15999992191791534, 0.15999996662139893) (-0.4616059362888336, -0.05847936123609543, 0.8999998569488525)
PART Upper arm (0.18999995291233063, 0.18999983370304108, 0.3167016804218292) (-0.3857545852661133, -0.02536514401435852, 1.0349998474121094)
PART Boot (0.25999993085861206, 0.4400007426738739, 0.2800000011920929) (-0.19231538474559784, -0.09022090584039688, 0.1400001049041748)
PART Leg (0.23000000417232513, 0.23000046610832214, 0.4210699796676636) (-0.19031557440757751, -0.010245776735246181, 0.48999980092048645)
PART Forearm.001 (0.15999990701675415, 0.15999995172023773, 0.24331039190292358) (0.45510661602020264, -0.20143957436084747, 0.9199996590614319)
PART Glove.001 (0.18999983370304108, 0.17999985814094543, 0.18000000715255737) (0.45210689306259155, -0.32140201330184937, 0.9399998188018799)
PART Elbow.001 (0.15999990701675415, 0.15999990701675415, 0.15999998152256012) (0.45810630917549133, -0.08147695660591125, 0.8999998569488525)
PART Upper arm.001 (0.18999995291233063, 0.18999983370304108, 0.3167017102241516) (0.38400474190711975, -0.04461313784122467, 1.0349998474121094)
PART Boot.001 (0.25999993085861206, 0.4400007426738739, 0.2800000011920929) (0.1875658482313156, -0.09971991926431656, 0.1400001049041748)
PART Leg.001 (0.23000000417232513, 0.23000046610832214, 0.4210699796676636) (0.18956565856933594, -0.019744791090488434, 0.48999980092048645)
PART Flotation vest (0.6999997496604919, 0.4799997806549072, 0.5799999833106995) (-0.0003749598690774292, -0.0149952732026577, 0.979999840259552)
PART Torso (0.6399996876716614, 0.4399997889995575, 0.800000011920929) (1.9283698517240392e-23, 3.76513931144018e-08, 0.9399998784065247)
PART Vest buckle (0.15000000596046448, 0.03999999910593033, 0.07999999821186066) (-0.0066742850467562675, -0.26691651344299316, 0.869999885559082)
PART Vest reflective strip (0.06499999761581421, 0.017999999225139618, 0.27000001072883606) (-0.18604308366775513, -0.23942416906356812, 1.0399998426437378)
PART Vest reflective strip.001 (0.06499999761581421, 0.017999999225139618, 0.27000001072883606) (0.17384439706802368, -0.24842320382595062, 1.0399998426437378)
PART Icosphere (1.9021157026290894, 1.9999998807907104, 2.0) (0.0, 0.0, 0.0)
Blender 5.1.2 (hash ec6e62d40fa9 built 2026-05-19 01:37:34)

Blender quit
