00:23.938  blend            | Read blend: "C:\SahilAppProjects\Spruce-M\assets\source\Hydro_Drift_Library.blend"
INFO Draco mesh compression is available, use library at C:\Program Files\Blender Foundation\Blender 5.1\5.1\scripts\addons_core\io_scene_gltf2\extern_draco.dll
22:36:42 | INFO: Starting glTF 2.0 export
22:36:42 | INFO: Extracting primitive: Sphere.001
22:36:42 | INFO: Primitives created: 1
22:36:42 | INFO: Extracting primitive: Sphere
22:36:42 | INFO: Primitives created: 1
22:36:42 | INFO: Extracting primitive: Cube.003
22:36:42 | INFO: Primitives created: 1
22:36:42 | INFO: Extracting primitive: Cube.001
22:36:42 | INFO: Primitives created: 1
22:36:42 | INFO: Extracting primitive: Cube.002
22:36:42 | INFO: Primitives created: 1
22:36:42 | INFO: Extracting primitive: Sphere.010
22:36:42 | INFO: Primitives created: 1
22:36:42 | INFO: Extracting primitive: Sphere.011
22:36:42 | INFO: Primitives created: 1
22:36:42 | INFO: Extracting primitive: Sphere.005
22:36:42 | INFO: Primitives created: 1
22:36:42 | INFO: Extracting primitive: Sphere.008
22:36:42 | INFO: Primitives created: 1
22:36:42 | INFO: Extracting primitive: Sphere.003
22:36:42 | INFO: Primitives created: 1
22:36:42 | INFO: Extracting primitive: Sphere.006
22:36:42 | INFO: Primitives created: 1
22:36:42 | INFO: Extracting primitive: Sphere.009
22:36:42 | INFO: Primitives created: 1
22:36:42 | INFO: Extracting primitive: Sphere.002
22:36:42 | INFO: Primitives created: 1
22:36:42 | INFO: Extracting primitive: Cube.004
22:36:42 | INFO: Primitives created: 1
22:36:42 | INFO: Extracting primitive: Sphere.012
22:36:42 | INFO: Primitives created: 1
22:36:42 | INFO: Extracting primitive: Sphere.004
22:36:42 | INFO: Primitives created: 1
22:36:42 | INFO: Extracting primitive: Sphere.007
22:36:42 | INFO: Primitives created: 1
22:36:42 | INFO: Extracting primitive: Sphere.014
22:36:42 | INFO: Primitives created: 1
22:36:42 | INFO: Extracting primitive: Cone.001
22:36:42 | INFO: Primitives created: 1
22:36:42 | INFO: Extracting primitive: Cone.002
22:36:42 | INFO: Primitives created: 1
22:36:42 | INFO: Extracting primitive: Sphere.015
22:36:42 | INFO: Primitives created: 1
22:36:42 | INFO: Extracting primitive: Sphere.013
22:36:42 | INFO: Primitives created: 1
22:36:42 | INFO: Extracting primitive: Cone
22:36:42 | INFO: Primitives created: 1
22:36:42 | INFO: Extracting primitive: Sphere.017
22:36:42 | INFO: Primitives created: 1
22:36:42 | INFO: Extracting primitive: Cone.004
22:36:42 | INFO: Primitives created: 1
22:36:42 | INFO: Extracting primitive: Cone.005
22:36:42 | INFO: Primitives created: 1
22:36:42 | INFO: Extracting primitive: Sphere.018
22:36:42 | INFO: Primitives created: 1
22:36:42 | INFO: Extracting primitive: Sphere.016
22:36:42 | INFO: Primitives created: 1
22:36:42 | INFO: Extracting primitive: Cone.003
22:36:42 | INFO: Primitives created: 1
22:36:43 | INFO: Finished glTF 2.0 export in 0.9557576179504395 s

22:36:43 | INFO: Starting glTF 2.0 export
22:36:43 | INFO: Extracting primitive: Sphere.001
22:36:43 | INFO: Primitives created: 1
22:36:43 | INFO: Extracting primitive: Sphere
22:36:43 | INFO: Primitives created: 1
22:36:43 | INFO: Extracting primitive: Cube.003
22:36:43 | INFO: Primitives created: 1
22:36:43 | INFO: Extracting primitive: Cube.001
22:36:43 | INFO: Primitives created: 1
22:36:43 | INFO: Extracting primitive: Cube.002
22:36:43 | INFO: Primitives created: 1
22:36:43 | INFO: Extracting primitive: Sphere.010
22:36:43 | INFO: Primitives created: 1
22:36:43 | INFO: Extracting primitive: Sphere.011
22:36:43 | INFO: Primitives created: 1
22:36:43 | INFO: Extracting primitive: Sphere.005
22:36:43 | INFO: Primitives created: 1
22:36:43 | INFO: Extracting primitive: Sphere.008
22:36:43 | INFO: Primitives created: 1
22:36:43 | INFO: Extracting primitive: Sphere.003
22:36:43 | INFO: Primitives created: 1
22:36:43 | INFO: Extracting primitive: Sphere.006
22:36:43 | INFO: Primitives created: 1
22:36:43 | INFO: Extracting primitive: Sphere.009
22:36:43 | INFO: Primitives created: 1
22:36:43 | INFO: Extracting primitive: Sphere.002
22:36:43 | INFO: Primitives created: 1
22:36:43 | INFO: Extracting primitive: Cube.004
22:36:43 | INFO: Primitives created: 1
22:36:43 | INFO: Extracting primitive: Sphere.012
22:36:43 | INFO: Primitives created: 1
22:36:43 | INFO: Extracting primitive: Sphere.004
22:36:43 | INFO: Primitives created: 1
22:36:43 | INFO: Extracting primitive: Sphere.007
22:36:43 | INFO: Primitives created: 1
22:36:43 | INFO: Extracting primitive: Sphere.014
22:36:43 | INFO: Primitives created: 1
22:36:43 | INFO: Extracting primitive: Cone.001
22:36:43 | INFO: Primitives created: 1
22:36:43 | INFO: Extracting primitive: Cone.002
22:36:43 | INFO: Primitives created: 1
22:36:43 | INFO: Extracting primitive: Sphere.015
22:36:43 | INFO: Primitives created: 1
22:36:43 | INFO: Extracting primitive: Sphere.013
22:36:43 | INFO: Primitives created: 1
22:36:43 | INFO: Extracting primitive: Cone
22:36:43 | INFO: Primitives created: 1
22:36:43 | INFO: Extracting primitive: Sphere.017
22:36:43 | INFO: Primitives created: 1
22:36:43 | INFO: Extracting primitive: Cone.004
22:36:43 | INFO: Primitives created: 1
22:36:43 | INFO: Extracting primitive: Cone.005
22:36:43 | INFO: Primitives created: 1
22:36:43 | INFO: Extracting primitive: Sphere.018
22:36:43 | INFO: Primitives created: 1
22:36:43 | INFO: Extracting primitive: Sphere.016
22:36:43 | INFO: Primitives created: 1
22:36:43 | INFO: Extracting primitive: Cone.003
22:36:43 | INFO: Primitives created: 1
22:36:43 | INFO: Finished glTF 2.0 export in 0.6212210655212402 s

22:36:43 | INFO: Starting glTF 2.0 export
22:36:43 | INFO: Extracting primitive: Sphere.001
22:36:43 | INFO: Primitives created: 1
22:36:43 | INFO: Extracting primitive: Sphere
22:36:43 | INFO: Primitives created: 1
22:36:43 | INFO: Extracting primitive: Cube.003
22:36:43 | INFO: Primitives created: 1
22:36:43 | INFO: Extracting primitive: Cube.001
22:36:43 | INFO: Primitives created: 1
22:36:43 | INFO: Extracting primitive: Cube.002
22:36:43 | INFO: Primitives created: 1
22:36:43 | INFO: Extracting primitive: Sphere.010
22:36:43 | INFO: Primitives created: 1
22:36:43 | INFO: Extracting primitive: Sphere.011
22:36:44 | INFO: Primitives created: 1
22:36:44 | INFO: Extracting primitive: Sphere.005
22:36:44 | INFO: Primitives created: 1
22:36:44 | INFO: Extracting primitive: Sphere.008
22:36:44 | INFO: Primitives created: 1
22:36:44 | INFO: Extracting primitive: Sphere.003
22:36:44 | INFO: Primitives created: 1
22:36:44 | INFO: Extracting primitive: Sphere.006
22:36:44 | INFO: Primitives created: 1
22:36:44 | INFO: Extracting primitive: Sphere.009
22:36:44 | INFO: Primitives created: 1
22:36:44 | INFO: Extracting primitive: Sphere.002
22:36:44 | INFO: Primitives created: 1
22:36:44 | INFO: Extracting primitive: Cube.004
22:36:44 | INFO: Primitives created: 1
22:36:44 | INFO: Extracting primitive: Sphere.012
22:36:44 | INFO: Primitives created: 1
22:36:44 | INFO: Extracting primitive: Sphere.004
22:36:44 | INFO: Primitives created: 1
22:36:44 | INFO: Extracting primitive: Sphere.007
22:36:44 | INFO: Primitives created: 1
22:36:44 | INFO: Extracting primitive: Sphere.014
22:36:44 | INFO: Primitives created: 1
22:36:44 | INFO: Extracting primitive: Cone.001
22:36:44 | INFO: Primitives created: 1
22:36:44 | INFO: Extracting primitive: Cone.002
22:36:44 | INFO: Primitives created: 1
22:36:44 | INFO: Extracting primitive: Sphere.015
22:36:44 | INFO: Primitives created: 1
22:36:44 | INFO: Extracting primitive: Sphere.013
22:36:44 | INFO: Primitives created: 1
22:36:44 | INFO: Extracting primitive: Cone
22:36:44 | INFO: Primitives created: 1
22:36:44 | INFO: Extracting primitive: Sphere.017
22:36:44 | INFO: Primitives created: 1
22:36:44 | INFO: Extracting primitive: Cone.004
22:36:44 | INFO: Primitives created: 1
22:36:44 | INFO: Extracting primitive: Cone.005
22:36:44 | INFO: Primitives created: 1
22:36:44 | INFO: Extracting primitive: Sphere.018
22:36:44 | INFO: Primitives created: 1
22:36:44 | INFO: Extracting primitive: Sphere.016
22:36:44 | INFO: Primitives created: 1
22:36:44 | INFO: Extracting primitive: Cone.003
22:36:44 | INFO: Primitives created: 1
22:36:44 | INFO: Finished glTF 2.0 export in 0.6927604675292969 s

22:36:44 | INFO: Starting glTF 2.0 export
22:36:44 | INFO: Extracting primitive: Sphere.020
22:36:44 | INFO: Primitives created: 1
22:36:44 | INFO: Extracting primitive: Sphere.019
22:36:44 | INFO: Primitives created: 1
22:36:44 | INFO: Extracting primitive: Cube.007
22:36:44 | INFO: Primitives created: 1
22:36:44 | INFO: Extracting primitive: Cube.005
22:36:44 | INFO: Primitives created: 1
22:36:44 | INFO: Extracting primitive: Cube.006
22:36:44 | INFO: Primitives created: 1
22:36:44 | INFO: Extracting primitive: Sphere.029
22:36:44 | INFO: Primitives created: 1
22:36:44 | INFO: Extracting primitive: Sphere.030
22:36:44 | INFO: Primitives created: 1
22:36:44 | INFO: Extracting primitive: Sphere.024
22:36:44 | INFO: Primitives created: 1
22:36:44 | INFO: Extracting primitive: Sphere.027
22:36:44 | INFO: Primitives created: 1
22:36:44 | INFO: Extracting primitive: Sphere.022
22:36:44 | INFO: Primitives created: 1
22:36:44 | INFO: Extracting primitive: Sphere.025
22:36:44 | INFO: Primitives created: 1
22:36:44 | INFO: Extracting primitive: Sphere.028
22:36:44 | INFO: Primitives created: 1
22:36:44 | INFO: Extracting primitive: Sphere.032
22:36:44 | INFO: Primitives created: 1
22:36:44 | INFO: Extracting primitive: Sphere.033
22:36:44 | INFO: Primitives created: 1
22:36:44 | INFO: Extracting primitive: Sphere.021
22:36:44 | INFO: Primitives created: 1
22:36:44 | INFO: Extracting primitive: Sphere.031
22:36:44 | INFO: Primitives created: 1
22:36:44 | INFO: Extracting primitive: Sphere.023
22:36:44 | INFO: Primitives created: 1
22:36:45 | INFO: Extracting primitive: Sphere.026
22:36:45 | INFO: Primitives created: 1
22:36:45 | INFO: Extracting primitive: Sphere.035
22:36:45 | INFO: Primitives created: 1
22:36:45 | INFO: Extracting primitive: Cone.007
22:36:45 | INFO: Primitives created: 1
22:36:45 | INFO: Extracting primitive: Cone.008
22:36:45 | INFO: Primitives created: 1
22:36:45 | INFO: Extracting primitive: Sphere.036
22:36:45 | INFO: Primitives created: 1
22:36:45 | INFO: Extracting primitive: Sphere.034
22:36:45 | INFO: Primitives created: 1
22:36:45 | INFO: Extracting primitive: Cone.006
22:36:45 | INFO: Primitives created: 1
22:36:45 | INFO: Extracting primitive: Sphere.038
22:36:45 | INFO: Primitives created: 1
22:36:45 | INFO: Extracting primitive: Cone.010
22:36:45 | INFO: Primitives created: 1
22:36:45 | INFO: Extracting primitive: Cone.011
22:36:45 | INFO: Primitives created: 1
22:36:45 | INFO: Extracting primitive: Sphere.039
22:36:45 | INFO: Primitives created: 1
22:36:45 | INFO: Extracting primitive: Sphere.037
22:36:45 | INFO: Primitives created: 1
22:36:45 | INFO: Extracting primitive: Cone.009
22:36:45 | INFO: Primitives created: 1
22:36:45 | INFO: Finished glTF 2.0 export in 0.8974108695983887 s

22:36:45 | INFO: Starting glTF 2.0 export
22:36:45 | INFO: Extracting primitive: Sphere.020
22:36:45 | INFO: Primitives created: 1
22:36:45 | INFO: Extracting primitive: Sphere.019
22:36:45 | INFO: Primitives created: 1
22:36:45 | INFO: Extracting primitive: Cube.007
22:36:45 | INFO: Primitives created: 1
22:36:45 | INFO: Extracting primitive: Cube.005
22:36:45 | INFO: Primitives created: 1
22:36:45 | INFO: Extracting primitive: Cube.006
22:36:45 | INFO: Primitives created: 1
22:36:45 | INFO: Extracting primitive: Sphere.029
22:36:45 | INFO: Primitives created: 1
22:36:45 | INFO: Extracting primitive: Sphere.030
22:36:45 | INFO: Primitives created: 1
22:36:45 | INFO: Extracting primitive: Sphere.024
22:36:45 | INFO: Primitives created: 1
22:36:45 | INFO: Extracting primitive: Sphere.027
22:36:45 | INFO: Primitives created: 1
22:36:45 | INFO: Extracting primitive: Sphere.022
22:36:45 | INFO: Primitives created: 1
22:36:45 | INFO: Extracting primitive: Sphere.025
22:36:45 | INFO: Primitives created: 1
22:36:45 | INFO: Extracting primitive: Sphere.028
22:36:45 | INFO: Primitives created: 1
22:36:45 | INFO: Extracting primitive: Sphere.032
22:36:45 | INFO: Primitives created: 1
22:36:45 | INFO: Extracting primitive: Sphere.033
22:36:45 | INFO: Primitives created: 1
22:36:45 | INFO: Extracting primitive: Sphere.021
22:36:45 | INFO: Primitives created: 1
22:36:45 | INFO: Extracting primitive: Sphere.031
22:36:45 | INFO: Primitives created: 1
22:36:45 | INFO: Extracting primitive: Sphere.023
22:36:45 | INFO: Primitives created: 1
22:36:45 | INFO: Extracting primitive: Sphere.026
22:36:45 | INFO: Primitives created: 1
22:36:45 | INFO: Extracting primitive: Sphere.035
22:36:46 | INFO: Primitives created: 1
22:36:46 | INFO: Extracting primitive: Cone.007
22:36:46 | INFO: Primitives created: 1
22:36:46 | INFO: Extracting primitive: Cone.008
22:36:46 | INFO: Primitives created: 1
22:36:46 | INFO: Extracting primitive: Sphere.036
22:36:46 | INFO: Primitives created: 1
22:36:46 | INFO: Extracting primitive: Sphere.034
22:36:46 | INFO: Primitives created: 1
22:36:46 | INFO: Extracting primitive: Cone.006
22:36:46 | INFO: Primitives created: 1
22:36:46 | INFO: Extracting primitive: Sphere.038
22:36:46 | INFO: Primitives created: 1
22:36:46 | INFO: Extracting primitive: Cone.010
22:36:46 | INFO: Primitives created: 1
22:36:46 | INFO: Extracting primitive: Cone.011
22:36:46 | INFO: Primitives created: 1
22:36:46 | INFO: Extracting primitive: Sphere.039
22:36:46 | INFO: Primitives created: 1
22:36:46 | INFO: Extracting primitive: Sphere.037
22:36:46 | INFO: Primitives created: 1
22:36:46 | INFO: Extracting primitive: Cone.009
22:36:46 | INFO: Primitives created: 1
22:36:46 | INFO: Finished glTF 2.0 export in 1.040379524230957 s

22:36:46 | INFO: Starting glTF 2.0 export
22:36:46 | INFO: Extracting primitive: Sphere.020
22:36:46 | INFO: Primitives created: 1
22:36:46 | INFO: Extracting primitive: Sphere.019
22:36:46 | INFO: Primitives created: 1
22:36:46 | INFO: Extracting primitive: Cube.007
22:36:46 | INFO: Primitives created: 1
22:36:46 | INFO: Extracting primitive: Cube.005
22:36:46 | INFO: Primitives created: 1
22:36:46 | INFO: Extracting primitive: Cube.006
22:36:46 | INFO: Primitives created: 1
22:36:46 | INFO: Extracting primitive: Sphere.029
22:36:46 | INFO: Primitives created: 1
22:36:46 | INFO: Extracting primitive: Sphere.030
22:36:46 | INFO: Primitives created: 1
22:36:46 | INFO: Extracting primitive: Sphere.024
22:36:46 | INFO: Primitives created: 1
22:36:46 | INFO: Extracting primitive: Sphere.027
22:36:46 | INFO: Primitives created: 1
22:36:46 | INFO: Extracting primitive: Sphere.022
22:36:46 | INFO: Primitives created: 1
22:36:46 | INFO: Extracting primitive: Sphere.025
22:36:46 | INFO: Primitives created: 1
22:36:47 | INFO: Extracting primitive: Sphere.028
22:36:47 | INFO: Primitives created: 1
22:36:47 | INFO: Extracting primitive: Sphere.032
22:36:47 | INFO: Primitives created: 1
22:36:47 | INFO: Extracting primitive: Sphere.033
22:36:47 | INFO: Primitives created: 1
22:36:47 | INFO: Extracting primitive: Sphere.021
22:36:47 | INFO: Primitives created: 1
22:36:47 | INFO: Extracting primitive: Sphere.031
22:36:47 | INFO: Primitives created: 1
22:36:47 | INFO: Extracting primitive: Sphere.023
22:36:47 | INFO: Primitives created: 1
22:36:47 | INFO: Extracting primitive: Sphere.026
22:36:47 | INFO: Primitives created: 1
22:36:47 | INFO: Extracting primitive: Sphere.035
22:36:47 | INFO: Primitives created: 1
22:36:47 | INFO: Extracting primitive: Cone.007
22:36:47 | INFO: Primitives created: 1
22:36:47 | INFO: Extracting primitive: Cone.008
22:36:47 | INFO: Primitives created: 1
22:36:47 | INFO: Extracting primitive: Sphere.036
22:36:47 | INFO: Primitives created: 1
22:36:47 | INFO: Extracting primitive: Sphere.034
22:36:47 | INFO: Primitives created: 1
22:36:47 | INFO: Extracting primitive: Cone.006
22:36:47 | INFO: Primitives created: 1
22:36:47 | INFO: Extracting primitive: Sphere.038
22:36:47 | INFO: Primitives created: 1
22:36:47 | INFO: Extracting primitive: Cone.010
22:36:47 | INFO: Primitives created: 1
22:36:47 | INFO: Extracting primitive: Cone.011
22:36:47 | INFO: Primitives created: 1
22:36:47 | INFO: Extracting primitive: Sphere.039
22:36:47 | INFO: Primitives created: 1
22:36:47 | INFO: Extracting primitive: Sphere.037
22:36:47 | INFO: Primitives created: 1
22:36:47 | INFO: Extracting primitive: Cone.009
22:36:47 | INFO: Primitives created: 1
22:36:47 | INFO: Finished glTF 2.0 export in 0.932466983795166 s

22:36:47 | INFO: Starting glTF 2.0 export
22:36:47 | INFO: Extracting primitive: Dorsal fin
22:36:47 | INFO: Primitives created: 1
22:36:47 | INFO: Extracting primitive: Sphere.041
22:36:47 | INFO: Primitives created: 1
22:36:47 | INFO: Extracting primitive: Sphere.040
22:36:47 | INFO: Primitives created: 1
22:36:47 | INFO: Extracting primitive: Cube.010
22:36:47 | INFO: Primitives created: 1
22:36:47 | INFO: Extracting primitive: Cube.008
22:36:47 | INFO: Primitives created: 1
22:36:47 | INFO: Extracting primitive: Cube.009
22:36:47 | INFO: Primitives created: 1
22:36:47 | INFO: Extracting primitive: Sphere.045
22:36:47 | INFO: Primitives created: 1
22:36:47 | INFO: Extracting primitive: Sphere.048
22:36:47 | INFO: Primitives created: 1
22:36:47 | INFO: Extracting primitive: Sphere.043
22:36:47 | INFO: Primitives created: 1
22:36:47 | INFO: Extracting primitive: Sphere.046
22:36:47 | INFO: Primitives created: 1
22:36:47 | INFO: Extracting primitive: Sphere.042
22:36:47 | INFO: Primitives created: 1
22:36:47 | INFO: Extracting primitive: Sphere.044
22:36:47 | INFO: Primitives created: 1
22:36:47 | INFO: Extracting primitive: Sphere.047
22:36:47 | INFO: Primitives created: 1
22:36:47 | INFO: Extracting primitive: Sphere.049
22:36:47 | INFO: Primitives created: 1
22:36:47 | INFO: Extracting primitive: Cone.012
22:36:48 | INFO: Primitives created: 1
22:36:48 | INFO: Extracting primitive: Cone.013
22:36:48 | INFO: Primitives created: 1
22:36:48 | INFO: Extracting primitive: Cone.014
22:36:48 | INFO: Primitives created: 1
22:36:48 | INFO: Extracting primitive: Sphere.051
22:36:48 | INFO: Primitives created: 1
22:36:48 | INFO: Extracting primitive: Cone.016
22:36:48 | INFO: Primitives created: 1
22:36:48 | INFO: Extracting primitive: Cone.017
22:36:48 | INFO: Primitives created: 1
22:36:48 | INFO: Extracting primitive: Sphere.052
22:36:48 | INFO: Primitives created: 1
22:36:48 | INFO: Extracting primitive: Sphere.050
22:36:48 | INFO: Primitives created: 1
22:36:48 | INFO: Extracting primitive: Cone.015
22:36:48 | INFO: Primitives created: 1
22:36:48 | INFO: Extracting primitive: Sphere.054
22:36:48 | INFO: Primitives created: 1
22:36:48 | INFO: Extracting primitive: Cone.019
22:36:48 | INFO: Primitives created: 1
22:36:48 | INFO: Extracting primitive: Cone.020
22:36:48 | INFO: Primitives created: 1
22:36:48 | INFO: Extracting primitive: Sphere.055
22:36:48 | INFO: Primitives created: 1
22:36:48 | INFO: Extracting primitive: Sphere.053
22:36:48 | INFO: Primitives created: 1
22:36:48 | INFO: Extracting primitive: Cone.018
22:36:48 | INFO: Primitives created: 1
22:36:48 | INFO: Finished glTF 2.0 export in 1.006178379058838 s

22:36:48 | INFO: Starting glTF 2.0 export
22:36:48 | INFO: Extracting primitive: Dorsal fin
22:36:48 | INFO: Primitives created: 1
22:36:48 | INFO: Extracting primitive: Sphere.041
22:36:48 | INFO: Primitives created: 1
22:36:48 | INFO: Extracting primitive: Sphere.040
22:36:48 | INFO: Primitives created: 1
22:36:48 | INFO: Extracting primitive: Cube.010
22:36:48 | INFO: Primitives created: 1
22:36:48 | INFO: Extracting primitive: Cube.008
22:36:48 | INFO: Primitives created: 1
22:36:48 | INFO: Extracting primitive: Cube.009
22:36:48 | INFO: Primitives created: 1
22:36:48 | INFO: Extracting primitive: Sphere.045
22:36:48 | INFO: Primitives created: 1
22:36:48 | INFO: Extracting primitive: Sphere.048
22:36:48 | INFO: Primitives created: 1
22:36:48 | INFO: Extracting primitive: Sphere.043
22:36:48 | INFO: Primitives created: 1
22:36:48 | INFO: Extracting primitive: Sphere.046
22:36:48 | INFO: Primitives created: 1
22:36:48 | INFO: Extracting primitive: Sphere.042
22:36:48 | INFO: Primitives created: 1
22:36:49 | INFO: Extracting primitive: Sphere.044
22:36:49 | INFO: Primitives created: 1
22:36:49 | INFO: Extracting primitive: Sphere.047
22:36:49 | INFO: Primitives created: 1
22:36:49 | INFO: Extracting primitive: Sphere.049
22:36:49 | INFO: Primitives created: 1
22:36:49 | INFO: Extracting primitive: Cone.012
22:36:49 | INFO: Primitives created: 1
22:36:49 | INFO: Extracting primitive: Cone.013
22:36:49 | INFO: Primitives created: 1
22:36:49 | INFO: Extracting primitive: Cone.014
22:36:49 | INFO: Primitives created: 1
22:36:49 | INFO: Extracting primitive: Sphere.051
22:36:49 | INFO: Primitives created: 1
22:36:49 | INFO: Extracting primitive: Cone.016
22:36:49 | INFO: Primitives created: 1
22:36:49 | INFO: Extracting primitive: Cone.017
22:36:49 | INFO: Primitives created: 1
22:36:49 | INFO: Extracting primitive: Sphere.052
22:36:49 | INFO: Primitives created: 1
22:36:49 | INFO: Extracting primitive: Sphere.050
22:36:49 | INFO: Primitives created: 1
22:36:49 | INFO: Extracting primitive: Cone.015
22:36:49 | INFO: Primitives created: 1
22:36:49 | INFO: Extracting primitive: Sphere.054
22:36:49 | INFO: Primitives created: 1
22:36:49 | INFO: Extracting primitive: Cone.019
22:36:49 | INFO: Primitives created: 1
22:36:49 | INFO: Extracting primitive: Cone.020
22:36:49 | INFO: Primitives created: 1
22:36:49 | INFO: Extracting primitive: Sphere.055
22:36:49 | INFO: Primitives created: 1
22:36:49 | INFO: Extracting primitive: Sphere.053
22:36:49 | INFO: Primitives created: 1
22:36:49 | INFO: Extracting primitive: Cone.018
22:36:49 | INFO: Primitives created: 1
22:36:49 | INFO: Finished glTF 2.0 export in 0.8322367668151855 s

22:36:49 | INFO: Starting glTF 2.0 export
22:36:49 | INFO: Extracting primitive: Dorsal fin
22:36:49 | INFO: Primitives created: 1
22:36:49 | INFO: Extracting primitive: Sphere.041
22:36:49 | INFO: Primitives created: 1
22:36:49 | INFO: Extracting primitive: Sphere.040
22:36:49 | INFO: Primitives created: 1
22:36:49 | INFO: Extracting primitive: Cube.010
22:36:49 | INFO: Primitives created: 1
22:36:49 | INFO: Extracting primitive: Cube.008
22:36:49 | INFO: Primitives created: 1
22:36:49 | INFO: Extracting primitive: Cube.009
22:36:49 | INFO: Primitives created: 1
22:36:49 | INFO: Extracting primitive: Sphere.045
22:36:49 | INFO: Primitives created: 1
22:36:49 | INFO: Extracting primitive: Sphere.048
22:36:49 | INFO: Primitives created: 1
22:36:49 | INFO: Extracting primitive: Sphere.043
22:36:49 | INFO: Primitives created: 1
22:36:49 | INFO: Extracting primitive: Sphere.046
22:36:49 | INFO: Primitives created: 1
22:36:49 | INFO: Extracting primitive: Sphere.042
22:36:49 | INFO: Primitives created: 1
22:36:49 | INFO: Extracting primitive: Sphere.044
22:36:49 | INFO: Primitives created: 1
22:36:49 | INFO: Extracting primitive: Sphere.047
22:36:49 | INFO: Primitives created: 1
22:36:49 | INFO: Extracting primitive: Sphere.049
22:36:49 | INFO: Primitives created: 1
22:36:49 | INFO: Extracting primitive: Cone.012
22:36:49 | INFO: Primitives created: 1
22:36:49 | INFO: Extracting primitive: Cone.013
22:36:49 | INFO: Primitives created: 1
22:36:49 | INFO: Extracting primitive: Cone.014
22:36:49 | INFO: Primitives created: 1
22:36:49 | INFO: Extracting primitive: Sphere.051
22:36:49 | INFO: Primitives created: 1
22:36:49 | INFO: Extracting primitive: Cone.016
22:36:49 | INFO: Primitives created: 1
22:36:49 | INFO: Extracting primitive: Cone.017
22:36:49 | INFO: Primitives created: 1
22:36:50 | INFO: Extracting primitive: Sphere.052
22:36:50 | INFO: Primitives created: 1
22:36:50 | INFO: Extracting primitive: Sphere.050
22:36:50 | INFO: Primitives created: 1
22:36:50 | INFO: Extracting primitive: Cone.015
22:36:50 | INFO: Primitives created: 1
22:36:50 | INFO: Extracting primitive: Sphere.054
22:36:50 | INFO: Primitives created: 1
22:36:50 | INFO: Extracting primitive: Cone.019
22:36:50 | INFO: Primitives created: 1
22:36:50 | INFO: Extracting primitive: Cone.020
22:36:50 | INFO: Primitives created: 1
22:36:50 | INFO: Extracting primitive: Sphere.055
22:36:50 | INFO: Primitives created: 1
22:36:50 | INFO: Extracting primitive: Sphere.053
22:36:50 | INFO: Primitives created: 1
22:36:50 | INFO: Extracting primitive: Cone.018
22:36:50 | INFO: Primitives created: 1
22:36:50 | INFO: Finished glTF 2.0 export in 0.8805661201477051 s

22:36:50 | INFO: Starting glTF 2.0 export
22:36:50 | INFO: Extracting primitive: Sphere.057
22:36:50 | INFO: Primitives created: 1
22:36:50 | INFO: Extracting primitive: Cone.021
22:36:50 | INFO: Primitives created: 1
22:36:50 | INFO: Extracting primitive: Sphere.056
22:36:50 | INFO: Primitives created: 1
22:36:50 | INFO: Extracting primitive: Cube.013
22:36:50 | INFO: Primitives created: 1
22:36:50 | INFO: Extracting primitive: Cube.011
22:36:50 | INFO: Primitives created: 1
22:36:50 | INFO: Extracting primitive: Cube.012
22:36:50 | INFO: Primitives created: 1
22:36:50 | INFO: Extracting primitive: Sphere.061
22:36:50 | INFO: Primitives created: 1
22:36:50 | INFO: Extracting primitive: Sphere.064
22:36:50 | INFO: Primitives created: 1
22:36:50 | INFO: Extracting primitive: Sphere.059
22:36:50 | INFO: Primitives created: 1
22:36:50 | INFO: Extracting primitive: Sphere.062
22:36:50 | INFO: Primitives created: 1
22:36:50 | INFO: Extracting primitive: Torus
22:36:50 | INFO: Primitives created: 1
22:36:50 | INFO: Extracting primitive: Torus.001
22:36:50 | INFO: Primitives created: 1
22:36:50 | INFO: Extracting primitive: Sphere.058
22:36:50 | INFO: Primitives created: 1
22:36:50 | INFO: Extracting primitive: Sphere.065
22:36:50 | INFO: Primitives created: 1
22:36:50 | INFO: Extracting primitive: Sphere.066
22:36:50 | INFO: Primitives created: 1
22:36:50 | INFO: Extracting primitive: Sphere.060
22:36:51 | INFO: Primitives created: 1
22:36:51 | INFO: Extracting primitive: Sphere.063
22:36:51 | INFO: Primitives created: 1
22:36:51 | INFO: Extracting primitive: Sphere.067
22:36:51 | INFO: Primitives created: 1
22:36:51 | INFO: Extracting primitive: Sphere.068
22:36:51 | INFO: Primitives created: 1
22:36:51 | INFO: Extracting primitive: Sphere.070
22:36:51 | INFO: Primitives created: 1
22:36:51 | INFO: Extracting primitive: Cone.023
22:36:51 | INFO: Primitives created: 1
22:36:51 | INFO: Extracting primitive: Cone.024
22:36:51 | INFO: Primitives created: 1
22:36:51 | INFO: Extracting primitive: Sphere.071
22:36:51 | INFO: Primitives created: 1
22:36:51 | INFO: Extracting primitive: Sphere.069
22:36:51 | INFO: Primitives created: 1
22:36:51 | INFO: Extracting primitive: Cone.022
22:36:51 | INFO: Primitives created: 1
22:36:51 | INFO: Extracting primitive: Sphere.073
22:36:51 | INFO: Primitives created: 1
22:36:51 | INFO: Extracting primitive: Cone.026
22:36:51 | INFO: Primitives created: 1
22:36:51 | INFO: Extracting primitive: Cone.027
22:36:51 | INFO: Primitives created: 1
22:36:51 | INFO: Extracting primitive: Sphere.074
22:36:51 | INFO: Primitives created: 1
22:36:51 | INFO: Extracting primitive: Sphere.072
22:36:51 | INFO: Primitives created: 1
22:36:51 | INFO: Extracting primitive: Cone.025
22:36:51 | INFO: Primitives created: 1
22:36:51 | INFO: Finished glTF 2.0 export in 1.027198314666748 s

22:36:51 | INFO: Starting glTF 2.0 export
22:36:51 | INFO: Extracting primitive: Sphere.057
22:36:51 | INFO: Primitives created: 1
22:36:51 | INFO: Extracting primitive: Cone.021
22:36:51 | INFO: Primitives created: 1
22:36:51 | INFO: Extracting primitive: Sphere.056
22:36:51 | INFO: Primitives created: 1
22:36:51 | INFO: Extracting primitive: Cube.013
22:36:51 | INFO: Primitives created: 1
22:36:51 | INFO: Extracting primitive: Cube.011
22:36:51 | INFO: Primitives created: 1
22:36:51 | INFO: Extracting primitive: Cube.012
22:36:51 | INFO: Primitives created: 1
22:36:51 | INFO: Extracting primitive: Sphere.061
22:36:51 | INFO: Primitives created: 1
22:36:51 | INFO: Extracting primitive: Sphere.064
22:36:51 | INFO: Primitives created: 1
22:36:51 | INFO: Extracting primitive: Sphere.059
22:36:51 | INFO: Primitives created: 1
22:36:51 | INFO: Extracting primitive: Sphere.062
22:36:51 | INFO: Primitives created: 1
22:36:51 | INFO: Extracting primitive: Torus
22:36:51 | INFO: Primitives created: 1
22:36:51 | INFO: Extracting primitive: Torus.001
22:36:51 | INFO: Primitives created: 1
22:36:51 | INFO: Extracting primitive: Sphere.058
22:36:52 | INFO: Primitives created: 1
22:36:52 | INFO: Extracting primitive: Sphere.065
22:36:52 | INFO: Primitives created: 1
22:36:52 | INFO: Extracting primitive: Sphere.066
22:36:52 | INFO: Primitives created: 1
22:36:52 | INFO: Extracting primitive: Sphere.060
22:36:52 | INFO: Primitives created: 1
22:36:52 | INFO: Extracting primitive: Sphere.063
22:36:52 | INFO: Primitives created: 1
22:36:52 | INFO: Extracting primitive: Sphere.067
22:36:52 | INFO: Primitives created: 1
22:36:52 | INFO: Extracting primitive: Sphere.068
22:36:52 | INFO: Primitives created: 1
22:36:52 | INFO: Extracting primitive: Sphere.070
22:36:52 | INFO: Primitives created: 1
22:36:52 | INFO: Extracting primitive: Cone.023
22:36:52 | INFO: Primitives created: 1
22:36:52 | INFO: Extracting primitive: Cone.024
22:36:52 | INFO: Primitives created: 1
22:36:52 | INFO: Extracting primitive: Sphere.071
22:36:52 | INFO: Primitives created: 1
22:36:52 | INFO: Extracting primitive: Sphere.069
22:36:52 | INFO: Primitives created: 1
22:36:52 | INFO: Extracting primitive: Cone.022
22:36:52 | INFO: Primitives created: 1
22:36:52 | INFO: Extracting primitive: Sphere.073
22:36:52 | INFO: Primitives created: 1
22:36:52 | INFO: Extracting primitive: Cone.026
22:36:52 | INFO: Primitives created: 1
22:36:52 | INFO: Extracting primitive: Cone.027
22:36:52 | INFO: Primitives created: 1
22:36:52 | INFO: Extracting primitive: Sphere.074
22:36:52 | INFO: Primitives created: 1
22:36:52 | INFO: Extracting primitive: Sphere.072
22:36:52 | INFO: Primitives created: 1
22:36:52 | INFO: Extracting primitive: Cone.025
22:36:52 | INFO: Primitives created: 1
22:36:53 | INFO: Finished glTF 2.0 export in 1.4054317474365234 s

22:36:53 | INFO: Starting glTF 2.0 export
22:36:53 | INFO: Extracting primitive: Sphere.057
22:36:53 | INFO: Primitives created: 1
22:36:53 | INFO: Extracting primitive: Cone.021
22:36:53 | INFO: Primitives created: 1
22:36:53 | INFO: Extracting primitive: Sphere.056
22:36:53 | INFO: Primitives created: 1
22:36:53 | INFO: Extracting primitive: Cube.013
22:36:53 | INFO: Primitives created: 1
22:36:53 | INFO: Extracting primitive: Cube.011
22:36:53 | INFO: Primitives created: 1
22:36:53 | INFO: Extracting primitive: Cube.012
22:36:53 | INFO: Primitives created: 1
22:36:53 | INFO: Extracting primitive: Sphere.061
22:36:53 | INFO: Primitives created: 1
22:36:53 | INFO: Extracting primitive: Sphere.064
22:36:53 | INFO: Primitives created: 1
22:36:53 | INFO: Extracting primitive: Sphere.059
22:36:53 | INFO: Primitives created: 1
22:36:53 | INFO: Extracting primitive: Sphere.062
22:36:53 | INFO: Primitives created: 1
22:36:53 | INFO: Extracting primitive: Torus
22:36:53 | INFO: Primitives created: 1
22:36:53 | INFO: Extracting primitive: Torus.001
22:36:53 | INFO: Primitives created: 1
22:36:53 | INFO: Extracting primitive: Sphere.058
22:36:53 | INFO: Primitives created: 1
22:36:53 | INFO: Extracting primitive: Sphere.065
22:36:53 | INFO: Primitives created: 1
22:36:53 | INFO: Extracting primitive: Sphere.066
22:36:53 | INFO: Primitives created: 1
22:36:53 | INFO: Extracting primitive: Sphere.060
22:36:53 | INFO: Primitives created: 1
22:36:53 | INFO: Extracting primitive: Sphere.063
22:36:53 | INFO: Primitives created: 1
22:36:53 | INFO: Extracting primitive: Sphere.067
22:36:53 | INFO: Primitives created: 1
22:36:53 | INFO: Extracting primitive: Sphere.068
22:36:53 | INFO: Primitives created: 1
22:36:53 | INFO: Extracting primitive: Sphere.070
22:36:53 | INFO: Primitives created: 1
22:36:53 | INFO: Extracting primitive: Cone.023
22:36:53 | INFO: Primitives created: 1
22:36:53 | INFO: Extracting primitive: Cone.024
22:36:53 | INFO: Primitives created: 1
22:36:53 | INFO: Extracting primitive: Sphere.071
22:36:53 | INFO: Primitives created: 1
22:36:53 | INFO: Extracting primitive: Sphere.069
22:36:53 | INFO: Primitives created: 1
22:36:53 | INFO: Extracting primitive: Cone.022
22:36:53 | INFO: Primitives created: 1
22:36:53 | INFO: Extracting primitive: Sphere.073
22:36:53 | INFO: Primitives created: 1
22:36:53 | INFO: Extracting primitive: Cone.026
22:36:53 | INFO: Primitives created: 1
22:36:53 | INFO: Extracting primitive: Cone.027
22:36:53 | INFO: Primitives created: 1
22:36:53 | INFO: Extracting primitive: Sphere.074
22:36:53 | INFO: Primitives created: 1
22:36:53 | INFO: Extracting primitive: Sphere.072
22:36:53 | INFO: Primitives created: 1
22:36:53 | INFO: Extracting primitive: Cone.025
22:36:53 | INFO: Primitives created: 1
22:36:54 | INFO: Finished glTF 2.0 export in 1.0387234687805176 s

22:36:54 | INFO: Starting glTF 2.0 export
22:36:54 | INFO: Extracting primitive: Sphere.076
22:36:54 | INFO: Primitives created: 1
22:36:54 | INFO: Extracting primitive: Sphere.075
22:36:54 | INFO: Primitives created: 1
22:36:54 | INFO: Extracting primitive: Cube.016
22:36:54 | INFO: Primitives created: 1
22:36:54 | INFO: Extracting primitive: Cube.014
22:36:54 | INFO: Primitives created: 1
22:36:54 | INFO: Extracting primitive: Cube.015
22:36:54 | INFO: Primitives created: 1
22:36:54 | INFO: Extracting primitive: Cone.034
22:36:54 | INFO: Primitives created: 1
22:36:54 | INFO: Extracting primitive: Cone.035
22:36:54 | INFO: Primitives created: 1
22:36:54 | INFO: Extracting primitive: Cone.036
22:36:54 | INFO: Primitives created: 1
22:36:54 | INFO: Extracting primitive: Cone.028
22:36:54 | INFO: Primitives created: 1
22:36:54 | INFO: Extracting primitive: Cone.029
22:36:54 | INFO: Primitives created: 1
22:36:54 | INFO: Extracting primitive: Cone.030
22:36:54 | INFO: Primitives created: 1
22:36:54 | INFO: Extracting primitive: Cone.031
22:36:54 | INFO: Primitives created: 1
22:36:54 | INFO: Extracting primitive: Cone.032
22:36:54 | INFO: Primitives created: 1
22:36:54 | INFO: Extracting primitive: Cone.033
22:36:54 | INFO: Primitives created: 1
22:36:54 | INFO: Extracting primitive: Sphere.080
22:36:54 | INFO: Primitives created: 1
22:36:54 | INFO: Extracting primitive: Sphere.083
22:36:54 | INFO: Primitives created: 1
22:36:54 | INFO: Extracting primitive: Sphere.078
22:36:54 | INFO: Primitives created: 1
22:36:54 | INFO: Extracting primitive: Sphere.081
22:36:54 | INFO: Primitives created: 1
22:36:54 | INFO: Extracting primitive: Sphere.084
22:36:54 | INFO: Primitives created: 1
22:36:54 | INFO: Extracting primitive: Sphere.085
22:36:54 | INFO: Primitives created: 1
22:36:54 | INFO: Extracting primitive: Sphere.086
22:36:54 | INFO: Primitives created: 1
22:36:54 | INFO: Extracting primitive: Sphere.087
22:36:54 | INFO: Primitives created: 1
22:36:54 | INFO: Extracting primitive: Sphere.088
22:36:54 | INFO: Primitives created: 1
22:36:54 | INFO: Extracting primitive: Sphere.089
22:36:54 | INFO: Primitives created: 1
22:36:54 | INFO: Extracting primitive: Sphere.077
22:36:54 | INFO: Primitives created: 1
22:36:54 | INFO: Extracting primitive: Sphere.079
22:36:54 | INFO: Primitives created: 1
22:36:54 | INFO: Extracting primitive: Sphere.082
22:36:54 | INFO: Primitives created: 1
22:36:54 | INFO: Extracting primitive: Torus.002
22:36:54 | INFO: Primitives created: 1
22:36:54 | INFO: Extracting primitive: Sphere.091
22:36:54 | INFO: Primitives created: 1
22:36:54 | INFO: Extracting primitive: Cone.038
22:36:54 | INFO: Primitives created: 1
22:36:54 | INFO: Extracting primitive: Cone.039
22:36:54 | INFO: Primitives created: 1
22:36:54 | INFO: Extracting primitive: Sphere.092
22:36:54 | INFO: Primitives created: 1
22:36:54 | INFO: Extracting primitive: Sphere.090
22:36:54 | INFO: Primitives created: 1
22:36:54 | INFO: Extracting primitive: Cone.037
22:36:54 | INFO: Primitives created: 1
22:36:54 | INFO: Extracting primitive: Sphere.094
22:36:54 | INFO: Primitives created: 1
22:36:54 | INFO: Extracting primitive: Cone.041
22:36:54 | INFO: Primitives created: 1
22:36:54 | INFO: Extracting primitive: Cone.042
22:36:54 | INFO: Primitives created: 1
22:36:54 | INFO: Extracting primitive: Sphere.095
22:36:54 | INFO: Primitives created: 1
22:36:54 | INFO: Extracting primitive: Sphere.093
22:36:54 | INFO: Primitives created: 1
22:36:54 | INFO: Extracting primitive: Cone.040
22:36:54 | INFO: Primitives created: 1
22:36:55 | INFO: Finished glTF 2.0 export in 1.0273411273956299 s

22:36:55 | INFO: Starting glTF 2.0 export
22:36:55 | INFO: Extracting primitive: Sphere.076
22:36:55 | INFO: Primitives created: 1
22:36:55 | INFO: Extracting primitive: Sphere.075
22:36:55 | INFO: Primitives created: 1
22:36:55 | INFO: Extracting primitive: Cube.016
22:36:55 | INFO: Primitives created: 1
22:36:55 | INFO: Extracting primitive: Cube.014
22:36:55 | INFO: Primitives created: 1
22:36:55 | INFO: Extracting primitive: Cube.015
22:36:55 | INFO: Primitives created: 1
22:36:55 | INFO: Extracting primitive: Cone.034
22:36:55 | INFO: Primitives created: 1
22:36:55 | INFO: Extracting primitive: Cone.035
22:36:55 | INFO: Primitives created: 1
22:36:55 | INFO: Extracting primitive: Cone.036
22:36:55 | INFO: Primitives created: 1
22:36:55 | INFO: Extracting primitive: Cone.028
22:36:55 | INFO: Primitives created: 1
22:36:55 | INFO: Extracting primitive: Cone.029
22:36:55 | INFO: Primitives created: 1
22:36:55 | INFO: Extracting primitive: Cone.030
22:36:55 | INFO: Primitives created: 1
22:36:55 | INFO: Extracting primitive: Cone.031
22:36:55 | INFO: Primitives created: 1
22:36:55 | INFO: Extracting primitive: Cone.032
22:36:55 | INFO: Primitives created: 1
22:36:55 | INFO: Extracting primitive: Cone.033
22:36:55 | INFO: Primitives created: 1
22:36:55 | INFO: Extracting primitive: Sphere.080
22:36:55 | INFO: Primitives created: 1
22:36:55 | INFO: Extracting primitive: Sphere.083
22:36:55 | INFO: Primitives created: 1
22:36:55 | INFO: Extracting primitive: Sphere.078
22:36:55 | INFO: Primitives created: 1
22:36:55 | INFO: Extracting primitive: Sphere.081
22:36:55 | INFO: Primitives created: 1
22:36:55 | INFO: Extracting primitive: Sphere.084
22:36:55 | INFO: Primitives created: 1
22:36:55 | INFO: Extracting primitive: Sphere.085
22:36:55 | INFO: Primitives created: 1
22:36:55 | INFO: Extracting primitive: Sphere.086
22:36:55 | INFO: Primitives created: 1
22:36:55 | INFO: Extracting primitive: Sphere.087
22:36:55 | INFO: Primitives created: 1
22:36:55 | INFO: Extracting primitive: Sphere.088
22:36:55 | INFO: Primitives created: 1
22:36:55 | INFO: Extracting primitive: Sphere.089
22:36:55 | INFO: Primitives created: 1
22:36:55 | INFO: Extracting primitive: Sphere.077
22:36:55 | INFO: Primitives created: 1
22:36:55 | INFO: Extracting primitive: Sphere.079
22:36:55 | INFO: Primitives created: 1
22:36:55 | INFO: Extracting primitive: Sphere.082
22:36:55 | INFO: Primitives created: 1
22:36:55 | INFO: Extracting primitive: Torus.002
22:36:55 | INFO: Primitives created: 1
22:36:55 | INFO: Extracting primitive: Sphere.091
22:36:55 | INFO: Primitives created: 1
22:36:55 | INFO: Extracting primitive: Cone.038
22:36:55 | INFO: Primitives created: 1
22:36:55 | INFO: Extracting primitive: Cone.039
22:36:55 | INFO: Primitives created: 1
22:36:55 | INFO: Extracting primitive: Sphere.092
22:36:55 | INFO: Primitives created: 1
22:36:55 | INFO: Extracting primitive: Sphere.090
22:36:55 | INFO: Primitives created: 1
22:36:55 | INFO: Extracting primitive: Cone.037
22:36:55 | INFO: Primitives created: 1
22:36:55 | INFO: Extracting primitive: Sphere.094
22:36:55 | INFO: Primitives created: 1
22:36:55 | INFO: Extracting primitive: Cone.041
22:36:55 | INFO: Primitives created: 1
22:36:55 | INFO: Extracting primitive: Cone.042
22:36:55 | INFO: Primitives created: 1
22:36:55 | INFO: Extracting primitive: Sphere.095
22:36:55 | INFO: Primitives created: 1
22:36:55 | INFO: Extracting primitive: Sphere.093
22:36:55 | INFO: Primitives created: 1
22:36:55 | INFO: Extracting primitive: Cone.040
22:36:55 | INFO: Primitives created: 1
22:36:56 | INFO: Finished glTF 2.0 export in 1.0573110580444336 s

22:36:56 | INFO: Starting glTF 2.0 export
22:36:56 | INFO: Extracting primitive: Sphere.076
22:36:56 | INFO: Primitives created: 1
22:36:56 | INFO: Extracting primitive: Sphere.075
22:36:56 | INFO: Primitives created: 1
22:36:56 | INFO: Extracting primitive: Cube.016
22:36:56 | INFO: Primitives created: 1
22:36:56 | INFO: Extracting primitive: Cube.014
22:36:56 | INFO: Primitives created: 1
22:36:56 | INFO: Extracting primitive: Cube.015
22:36:56 | INFO: Primitives created: 1
22:36:56 | INFO: Extracting primitive: Cone.034
22:36:56 | INFO: Primitives created: 1
22:36:56 | INFO: Extracting primitive: Cone.035
22:36:56 | INFO: Primitives created: 1
22:36:56 | INFO: Extracting primitive: Cone.036
22:36:56 | INFO: Primitives created: 1
22:36:56 | INFO: Extracting primitive: Cone.028
22:36:56 | INFO: Primitives created: 1
22:36:56 | INFO: Extracting primitive: Cone.029
22:36:56 | INFO: Primitives created: 1
22:36:56 | INFO: Extracting primitive: Cone.030
22:36:56 | INFO: Primitives created: 1
22:36:56 | INFO: Extracting primitive: Cone.031
22:36:56 | INFO: Primitives created: 1
22:36:56 | INFO: Extracting primitive: Cone.032
22:36:56 | INFO: Primitives created: 1
22:36:56 | INFO: Extracting primitive: Cone.033
22:36:56 | INFO: Primitives created: 1
22:36:56 | INFO: Extracting primitive: Sphere.080
22:36:56 | INFO: Primitives created: 1
22:36:56 | INFO: Extracting primitive: Sphere.083
22:36:56 | INFO: Primitives created: 1
22:36:56 | INFO: Extracting primitive: Sphere.078
22:36:56 | INFO: Primitives created: 1
22:36:56 | INFO: Extracting primitive: Sphere.081
22:36:56 | INFO: Primitives created: 1
22:36:56 | INFO: Extracting primitive: Sphere.084
22:36:56 | INFO: Primitives created: 1
22:36:56 | INFO: Extracting primitive: Sphere.085
22:36:56 | INFO: Primitives created: 1
22:36:56 | INFO: Extracting primitive: Sphere.086
22:36:56 | INFO: Primitives created: 1
22:36:56 | INFO: Extracting primitive: Sphere.087
22:36:56 | INFO: Primitives created: 1
22:36:56 | INFO: Extracting primitive: Sphere.088
22:36:56 | INFO: Primitives created: 1
22:36:56 | INFO: Extracting primitive: Sphere.089
22:36:56 | INFO: Primitives created: 1
22:36:57 | INFO: Extracting primitive: Sphere.077
22:36:57 | INFO: Primitives created: 1
22:36:57 | INFO: Extracting primitive: Sphere.079
22:36:57 | INFO: Primitives created: 1
22:36:57 | INFO: Extracting primitive: Sphere.082
22:36:57 | INFO: Primitives created: 1
22:36:57 | INFO: Extracting primitive: Torus.002
22:36:57 | INFO: Primitives created: 1
22:36:57 | INFO: Extracting primitive: Sphere.091
22:36:57 | INFO: Primitives created: 1
22:36:57 | INFO: Extracting primitive: Cone.038
22:36:57 | INFO: Primitives created: 1
22:36:57 | INFO: Extracting primitive: Cone.039
22:36:57 | INFO: Primitives created: 1
22:36:57 | INFO: Extracting primitive: Sphere.092
22:36:57 | INFO: Primitives created: 1
22:36:57 | INFO: Extracting primitive: Sphere.090
22:36:57 | INFO: Primitives created: 1
22:36:57 | INFO: Extracting primitive: Cone.037
22:36:57 | INFO: Primitives created: 1
22:36:57 | INFO: Extracting primitive: Sphere.094
22:36:57 | INFO: Primitives created: 1
22:36:57 | INFO: Extracting primitive: Cone.041
22:36:57 | INFO: Primitives created: 1
22:36:57 | INFO: Extracting primitive: Cone.042
22:36:57 | INFO: Primitives created: 1
22:36:57 | INFO: Extracting primitive: Sphere.095
22:36:57 | INFO: Primitives created: 1
22:36:57 | INFO: Extracting primitive: Sphere.093
22:36:57 | INFO: Primitives created: 1
22:36:57 | INFO: Extracting primitive: Cone.040
22:36:57 | INFO: Primitives created: 1
22:36:57 | INFO: Finished glTF 2.0 export in 1.219573736190796 s

22:36:57 | INFO: Starting glTF 2.0 export
22:36:57 | INFO: Extracting primitive: Sphere.097
22:36:57 | INFO: Primitives created: 1
22:36:57 | INFO: Extracting primitive: Sphere.096
22:36:57 | INFO: Primitives created: 1
22:36:57 | INFO: Extracting primitive: Cube.019
22:36:57 | INFO: Primitives created: 1
22:36:57 | INFO: Extracting primitive: Cube.017
22:36:58 | INFO: Primitives created: 1
22:36:58 | INFO: Extracting primitive: Cube.018
22:36:58 | INFO: Primitives created: 1
22:36:58 | INFO: Extracting primitive: Cone.043
22:36:58 | INFO: Primitives created: 1
22:36:58 | INFO: Extracting primitive: Sphere.105
22:36:58 | INFO: Primitives created: 1
22:36:58 | INFO: Extracting primitive: Sphere.101
22:36:58 | INFO: Primitives created: 1
22:36:58 | INFO: Extracting primitive: Sphere.104
22:36:58 | INFO: Primitives created: 1
22:36:58 | INFO: Extracting primitive: Sphere.099
22:36:58 | INFO: Primitives created: 1
22:36:58 | INFO: Extracting primitive: Sphere.102
22:36:58 | INFO: Primitives created: 1
22:36:58 | INFO: Extracting primitive: Cube.021
22:36:58 | INFO: Primitives created: 1
22:36:58 | INFO: Extracting primitive: Cube.022
22:36:58 | INFO: Primitives created: 1
22:36:58 | INFO: Extracting primitive: Cube.023
22:36:58 | INFO: Primitives created: 1
22:36:58 | INFO: Extracting primitive: Sphere.100
22:36:58 | INFO: Primitives created: 1
22:36:58 | INFO: Extracting primitive: Sphere.103
22:36:58 | INFO: Primitives created: 1
22:36:58 | INFO: Extracting primitive: Cube.020
22:36:58 | INFO: Primitives created: 1
22:36:58 | INFO: Extracting primitive: Sphere.107
22:36:58 | INFO: Primitives created: 1
22:36:58 | INFO: Extracting primitive: Cone.045
22:36:58 | INFO: Primitives created: 1
22:36:58 | INFO: Extracting primitive: Cone.046
22:36:58 | INFO: Primitives created: 1
22:36:58 | INFO: Extracting primitive: Sphere.108
22:36:58 | INFO: Primitives created: 1
22:36:58 | INFO: Extracting primitive: Sphere.106
22:36:58 | INFO: Primitives created: 1
22:36:58 | INFO: Extracting primitive: Cone.044
22:36:58 | INFO: Primitives created: 1
22:36:58 | INFO: Extracting primitive: Sphere.110
22:36:58 | INFO: Primitives created: 1
22:36:58 | INFO: Extracting primitive: Cone.048
22:36:58 | INFO: Primitives created: 1
22:36:58 | INFO: Extracting primitive: Cone.049
22:36:58 | INFO: Primitives created: 1
22:36:58 | INFO: Extracting primitive: Sphere.111
22:36:58 | INFO: Primitives created: 1
22:36:58 | INFO: Extracting primitive: Sphere.109
22:36:58 | INFO: Primitives created: 1
22:36:58 | INFO: Extracting primitive: Cone.047
22:36:58 | INFO: Primitives created: 1
22:36:58 | INFO: Finished glTF 2.0 export in 1.1168568134307861 s

22:36:58 | INFO: Starting glTF 2.0 export
22:36:59 | INFO: Extracting primitive: Sphere.097
22:36:59 | INFO: Primitives created: 1
22:36:59 | INFO: Extracting primitive: Sphere.096
22:36:59 | INFO: Primitives created: 1
22:36:59 | INFO: Extracting primitive: Cube.019
22:36:59 | INFO: Primitives created: 1
22:36:59 | INFO: Extracting primitive: Cube.017
22:36:59 | INFO: Primitives created: 1
22:36:59 | INFO: Extracting primitive: Cube.018
22:36:59 | INFO: Primitives created: 1
22:36:59 | INFO: Extracting primitive: Cone.043
22:36:59 | INFO: Primitives created: 1
22:36:59 | INFO: Extracting primitive: Sphere.105
22:36:59 | INFO: Primitives created: 1
22:36:59 | INFO: Extracting primitive: Sphere.101
22:36:59 | INFO: Primitives created: 1
22:36:59 | INFO: Extracting primitive: Sphere.104
22:36:59 | INFO: Primitives created: 1
22:36:59 | INFO: Extracting primitive: Sphere.099
22:36:59 | INFO: Primitives created: 1
22:36:59 | INFO: Extracting primitive: Sphere.102
22:36:59 | INFO: Primitives created: 1
22:36:59 | INFO: Extracting primitive: Cube.021
22:36:59 | INFO: Primitives created: 1
22:36:59 | INFO: Extracting primitive: Cube.022
22:36:59 | INFO: Primitives created: 1
22:36:59 | INFO: Extracting primitive: Cube.023
22:36:59 | INFO: Primitives created: 1
22:36:59 | INFO: Extracting primitive: Sphere.100
22:36:59 | INFO: Primitives created: 1
22:36:59 | INFO: Extracting primitive: Sphere.103
22:36:59 | INFO: Primitives created: 1
22:36:59 | INFO: Extracting primitive: Cube.020
22:36:59 | INFO: Primitives created: 1
22:36:59 | INFO: Extracting primitive: Sphere.107
22:36:59 | INFO: Primitives created: 1
22:36:59 | INFO: Extracting primitive: Cone.045
22:36:59 | INFO: Primitives created: 1
22:36:59 | INFO: Extracting primitive: Cone.046
22:36:59 | INFO: Primitives created: 1
22:36:59 | INFO: Extracting primitive: Sphere.108
22:36:59 | INFO: Primitives created: 1
22:36:59 | INFO: Extracting primitive: Sphere.106
22:36:59 | INFO: Primitives created: 1
22:36:59 | INFO: Extracting primitive: Cone.044
22:36:59 | INFO: Primitives created: 1
22:36:59 | INFO: Extracting primitive: Sphere.110
22:36:59 | INFO: Primitives created: 1
22:36:59 | INFO: Extracting primitive: Cone.048
22:36:59 | INFO: Primitives created: 1
22:36:59 | INFO: Extracting primitive: Cone.049
22:36:59 | INFO: Primitives created: 1
22:36:59 | INFO: Extracting primitive: Sphere.111
22:36:59 | INFO: Primitives created: 1
22:36:59 | INFO: Extracting primitive: Sphere.109
22:36:59 | INFO: Primitives created: 1
22:36:59 | INFO: Extracting primitive: Cone.047
22:36:59 | INFO: Primitives created: 1
22:36:59 | INFO: Finished glTF 2.0 export in 0.8666601181030273 s

22:36:59 | INFO: Starting glTF 2.0 export
22:36:59 | INFO: Extracting primitive: Sphere.097
22:37:00 | INFO: Primitives created: 1
22:37:00 | INFO: Extracting primitive: Sphere.096
22:37:00 | INFO: Primitives created: 1
22:37:00 | INFO: Extracting primitive: Cube.019
22:37:00 | INFO: Primitives created: 1
22:37:00 | INFO: Extracting primitive: Cube.017
22:37:00 | INFO: Primitives created: 1
22:37:00 | INFO: Extracting primitive: Cube.018
22:37:00 | INFO: Primitives created: 1
22:37:00 | INFO: Extracting primitive: Cone.043
22:37:00 | INFO: Primitives created: 1
22:37:00 | INFO: Extracting primitive: Sphere.105
22:37:00 | INFO: Primitives created: 1
22:37:00 | INFO: Extracting primitive: Sphere.101
22:37:00 | INFO: Primitives created: 1
22:37:00 | INFO: Extracting primitive: Sphere.104
22:37:00 | INFO: Primitives created: 1
22:37:00 | INFO: Extracting primitive: Sphere.099
22:37:00 | INFO: Primitives created: 1
22:37:00 | INFO: Extracting primitive: Sphere.102
22:37:00 | INFO: Primitives created: 1
22:37:00 | INFO: Extracting primitive: Cube.021
22:37:00 | INFO: Primitives created: 1
22:37:00 | INFO: Extracting primitive: Cube.022
22:37:00 | INFO: Primitives created: 1
22:37:00 | INFO: Extracting primitive: Cube.023
22:37:00 | INFO: Primitives created: 1
22:37:00 | INFO: Extracting primitive: Sphere.100
22:37:00 | INFO: Primitives created: 1
22:37:00 | INFO: Extracting primitive: Sphere.103
22:37:00 | INFO: Primitives created: 1
22:37:00 | INFO: Extracting primitive: Cube.020
22:37:00 | INFO: Primitives created: 1
22:37:00 | INFO: Extracting primitive: Sphere.107
22:37:00 | INFO: Primitives created: 1
22:37:00 | INFO: Extracting primitive: Cone.045
22:37:00 | INFO: Primitives created: 1
22:37:00 | INFO: Extracting primitive: Cone.046
22:37:00 | INFO: Primitives created: 1
22:37:00 | INFO: Extracting primitive: Sphere.108
22:37:00 | INFO: Primitives created: 1
22:37:00 | INFO: Extracting primitive: Sphere.106
22:37:00 | INFO: Primitives created: 1
22:37:00 | INFO: Extracting primitive: Cone.044
22:37:00 | INFO: Primitives created: 1
22:37:00 | INFO: Extracting primitive: Sphere.110
22:37:00 | INFO: Primitives created: 1
22:37:00 | INFO: Extracting primitive: Cone.048
22:37:00 | INFO: Primitives created: 1
22:37:00 | INFO: Extracting primitive: Cone.049
22:37:00 | INFO: Primitives created: 1
22:37:00 | INFO: Extracting primitive: Sphere.111
22:37:00 | INFO: Primitives created: 1
22:37:00 | INFO: Extracting primitive: Sphere.109
22:37:00 | INFO: Primitives created: 1
22:37:00 | INFO: Extracting primitive: Cone.047
22:37:00 | INFO: Primitives created: 1
22:37:00 | INFO: Finished glTF 2.0 export in 0.8598456382751465 s

22:37:00 | INFO: Starting glTF 2.0 export
22:37:00 | INFO: Extracting primitive: Sphere.113
22:37:00 | INFO: Primitives created: 1
22:37:00 | INFO: Extracting primitive: Sphere.112
22:37:01 | INFO: Primitives created: 1
22:37:01 | INFO: Extracting primitive: Cube.026
22:37:01 | INFO: Primitives created: 1
22:37:01 | INFO: Extracting primitive: Cube.024
22:37:01 | INFO: Primitives created: 1
22:37:01 | INFO: Extracting primitive: Cube.025
22:37:01 | INFO: Primitives created: 1
22:37:01 | INFO: Extracting primitive: Sphere.117
22:37:01 | INFO: Primitives created: 1
22:37:01 | INFO: Extracting primitive: Sphere.120
22:37:01 | INFO: Primitives created: 1
22:37:01 | INFO: Extracting primitive: Sphere.115
22:37:01 | INFO: Primitives created: 1
22:37:01 | INFO: Extracting primitive: Sphere.118
22:37:01 | INFO: Primitives created: 1
22:37:01 | INFO: Extracting primitive: Sphere.114
22:37:01 | INFO: Primitives created: 1
22:37:01 | INFO: Extracting primitive: Sphere.121
22:37:01 | INFO: Primitives created: 1
22:37:01 | INFO: Extracting primitive: Sphere.122
22:37:01 | INFO: Primitives created: 1
22:37:01 | INFO: Extracting primitive: Sphere.116
22:37:01 | INFO: Primitives created: 1
22:37:01 | INFO: Extracting primitive: Sphere.119
22:37:01 | INFO: Primitives created: 1
22:37:01 | INFO: Extracting primitive: Sphere.123
22:37:01 | INFO: Primitives created: 1
22:37:01 | INFO: Extracting primitive: Sphere.124
22:37:01 | INFO: Primitives created: 1
22:37:01 | INFO: Extracting primitive: Sphere.126
22:37:01 | INFO: Primitives created: 1
22:37:01 | INFO: Extracting primitive: Cone.051
22:37:01 | INFO: Primitives created: 1
22:37:01 | INFO: Extracting primitive: Cone.052
22:37:01 | INFO: Primitives created: 1
22:37:01 | INFO: Extracting primitive: Sphere.127
22:37:01 | INFO: Primitives created: 1
22:37:01 | INFO: Extracting primitive: Sphere.125
22:37:01 | INFO: Primitives created: 1
22:37:01 | INFO: Extracting primitive: Cone.050
22:37:01 | INFO: Primitives created: 1
22:37:01 | INFO: Extracting primitive: Sphere.129
22:37:01 | INFO: Primitives created: 1
22:37:01 | INFO: Extracting primitive: Cone.054
22:37:01 | INFO: Primitives created: 1
22:37:01 | INFO: Extracting primitive: Cone.055
22:37:01 | INFO: Primitives created: 1
22:37:01 | INFO: Extracting primitive: Sphere.130
22:37:01 | INFO: Primitives created: 1
22:37:01 | INFO: Extracting primitive: Sphere.128
22:37:01 | INFO: Primitives created: 1
22:37:01 | INFO: Extracting primitive: Cone.053
22:37:01 | INFO: Primitives created: 1
22:37:01 | INFO: Finished glTF 2.0 export in 1.0938177108764648 s

22:37:01 | INFO: Starting glTF 2.0 export
22:37:02 | INFO: Extracting primitive: Sphere.113
22:37:02 | INFO: Primitives created: 1
22:37:02 | INFO: Extracting primitive: Sphere.112
22:37:02 | INFO: Primitives created: 1
22:37:02 | INFO: Extracting primitive: Cube.026
22:37:02 | INFO: Primitives created: 1
22:37:02 | INFO: Extracting primitive: Cube.024
22:37:02 | INFO: Primitives created: 1
22:37:02 | INFO: Extracting primitive: Cube.025
22:37:02 | INFO: Primitives created: 1
22:37:02 | INFO: Extracting primitive: Sphere.117
22:37:02 | INFO: Primitives created: 1
22:37:02 | INFO: Extracting primitive: Sphere.120
22:37:02 | INFO: Primitives created: 1
22:37:02 | INFO: Extracting primitive: Sphere.115
22:37:02 | INFO: Primitives created: 1
22:37:02 | INFO: Extracting primitive: Sphere.118
22:37:02 | INFO: Primitives created: 1
22:37:02 | INFO: Extracting primitive: Sphere.114
22:37:02 | INFO: Primitives created: 1
22:37:02 | INFO: Extracting primitive: Sphere.121
22:37:02 | INFO: Primitives created: 1
22:37:02 | INFO: Extracting primitive: Sphere.122
22:37:02 | INFO: Primitives created: 1
22:37:02 | INFO: Extracting primitive: Sphere.116
22:37:02 | INFO: Primitives created: 1
22:37:02 | INFO: Extracting primitive: Sphere.119
22:37:02 | INFO: Primitives created: 1
22:37:02 | INFO: Extracting primitive: Sphere.123
22:37:02 | INFO: Primitives created: 1
22:37:02 | INFO: Extracting primitive: Sphere.124
22:37:02 | INFO: Primitives created: 1
22:37:02 | INFO: Extracting primitive: Sphere.126
22:37:02 | INFO: Primitives created: 1
22:37:02 | INFO: Extracting primitive: Cone.051
22:37:02 | INFO: Primitives created: 1
22:37:02 | INFO: Extracting primitive: Cone.052
22:37:02 | INFO: Primitives created: 1
22:37:02 | INFO: Extracting primitive: Sphere.127
22:37:02 | INFO: Primitives created: 1
22:37:02 | INFO: Extracting primitive: Sphere.125
22:37:02 | INFO: Primitives created: 1
22:37:02 | INFO: Extracting primitive: Cone.050
22:37:02 | INFO: Primitives created: 1
22:37:02 | INFO: Extracting primitive: Sphere.129
22:37:02 | INFO: Primitives created: 1
22:37:02 | INFO: Extracting primitive: Cone.054
22:37:02 | INFO: Primitives created: 1
22:37:02 | INFO: Extracting primitive: Cone.055
22:37:02 | INFO: Primitives created: 1
22:37:02 | INFO: Extracting primitive: Sphere.130
22:37:02 | INFO: Primitives created: 1
22:37:02 | INFO: Extracting primitive: Sphere.128
22:37:02 | INFO: Primitives created: 1
22:37:02 | INFO: Extracting primitive: Cone.053
22:37:02 | INFO: Primitives created: 1
22:37:03 | INFO: Finished glTF 2.0 export in 1.1158723831176758 s

22:37:03 | INFO: Starting glTF 2.0 export
22:37:03 | INFO: Extracting primitive: Sphere.113
22:37:03 | INFO: Primitives created: 1
22:37:03 | INFO: Extracting primitive: Sphere.112
22:37:03 | INFO: Primitives created: 1
22:37:03 | INFO: Extracting primitive: Cube.026
22:37:03 | INFO: Primitives created: 1
22:37:03 | INFO: Extracting primitive: Cube.024
22:37:03 | INFO: Primitives created: 1
22:37:03 | INFO: Extracting primitive: Cube.025
22:37:03 | INFO: Primitives created: 1
22:37:03 | INFO: Extracting primitive: Sphere.117
22:37:03 | INFO: Primitives created: 1
22:37:03 | INFO: Extracting primitive: Sphere.120
22:37:03 | INFO: Primitives created: 1
22:37:03 | INFO: Extracting primitive: Sphere.115
22:37:03 | INFO: Primitives created: 1
22:37:03 | INFO: Extracting primitive: Sphere.118
22:37:03 | INFO: Primitives created: 1
22:37:03 | INFO: Extracting primitive: Sphere.114
22:37:03 | INFO: Primitives created: 1
22:37:03 | INFO: Extracting primitive: Sphere.121
22:37:03 | INFO: Primitives created: 1
22:37:03 | INFO: Extracting primitive: Sphere.122
22:37:03 | INFO: Primitives created: 1
22:37:03 | INFO: Extracting primitive: Sphere.116
22:37:03 | INFO: Primitives created: 1
22:37:03 | INFO: Extracting primitive: Sphere.119
22:37:03 | INFO: Primitives created: 1
22:37:03 | INFO: Extracting primitive: Sphere.123
22:37:03 | INFO: Primitives created: 1
22:37:03 | INFO: Extracting primitive: Sphere.124
22:37:03 | INFO: Primitives created: 1
22:37:03 | INFO: Extracting primitive: Sphere.126
22:37:03 | INFO: Primitives created: 1
22:37:03 | INFO: Extracting primitive: Cone.051
22:37:03 | INFO: Primitives created: 1
22:37:03 | INFO: Extracting primitive: Cone.052
22:37:03 | INFO: Primitives created: 1
22:37:03 | INFO: Extracting primitive: Sphere.127
22:37:03 | INFO: Primitives created: 1
22:37:03 | INFO: Extracting primitive: Sphere.125
22:37:03 | INFO: Primitives created: 1
22:37:03 | INFO: Extracting primitive: Cone.050
22:37:03 | INFO: Primitives created: 1
22:37:03 | INFO: Extracting primitive: Sphere.129
22:37:03 | INFO: Primitives created: 1
22:37:03 | INFO: Extracting primitive: Cone.054
22:37:03 | INFO: Primitives created: 1
22:37:03 | INFO: Extracting primitive: Cone.055
22:37:03 | INFO: Primitives created: 1
22:37:03 | INFO: Extracting primitive: Sphere.130
22:37:03 | INFO: Primitives created: 1
22:37:03 | INFO: Extracting primitive: Sphere.128
22:37:03 | INFO: Primitives created: 1
22:37:03 | INFO: Extracting primitive: Cone.053
22:37:03 | INFO: Primitives created: 1
22:37:04 | INFO: Finished glTF 2.0 export in 0.9355072975158691 s

22:37:04 | INFO: Starting glTF 2.0 export
22:37:04 | INFO: Extracting primitive: Cone.056
22:37:04 | INFO: Primitives created: 1
22:37:04 | INFO: Extracting primitive: Cone.057
22:37:04 | INFO: Primitives created: 1
22:37:04 | INFO: Extracting primitive: Cone.058
22:37:04 | INFO: Primitives created: 1
22:37:04 | INFO: Extracting primitive: Cone.059
22:37:04 | INFO: Primitives created: 1
22:37:04 | INFO: Extracting primitive: Sphere.132
22:37:04 | INFO: Primitives created: 1
22:37:04 | INFO: Extracting primitive: Sphere.140
22:37:04 | INFO: Primitives created: 1
22:37:04 | INFO: Extracting primitive: Sphere.141
22:37:04 | INFO: Primitives created: 1
22:37:04 | INFO: Extracting primitive: Sphere.142
22:37:04 | INFO: Primitives created: 1
22:37:04 | INFO: Extracting primitive: Sphere.143
22:37:04 | INFO: Primitives created: 1
22:37:04 | INFO: Extracting primitive: Sphere.131
22:37:04 | INFO: Primitives created: 1
22:37:04 | INFO: Extracting primitive: Cube.029
22:37:04 | INFO: Primitives created: 1
22:37:04 | INFO: Extracting primitive: Cube.027
22:37:04 | INFO: Primitives created: 1
22:37:04 | INFO: Extracting primitive: Cube.028
22:37:04 | INFO: Primitives created: 1
22:37:04 | INFO: Extracting primitive: Sphere.136
22:37:04 | INFO: Primitives created: 1
22:37:04 | INFO: Extracting primitive: Sphere.139
22:37:04 | INFO: Primitives created: 1
22:37:04 | INFO: Extracting primitive: Sphere.134
22:37:04 | INFO: Primitives created: 1
22:37:04 | INFO: Extracting primitive: Sphere.137
22:37:04 | INFO: Primitives created: 1
22:37:04 | INFO: Extracting primitive: Sphere.133
22:37:04 | INFO: Primitives created: 1
22:37:04 | INFO: Extracting primitive: Sphere.135
22:37:04 | INFO: Primitives created: 1
22:37:04 | INFO: Extracting primitive: Sphere.138
22:37:04 | INFO: Primitives created: 1
22:37:04 | INFO: Extracting primitive: Sphere.145
22:37:04 | INFO: Primitives created: 1
22:37:04 | INFO: Extracting primitive: Cone.061
22:37:04 | INFO: Primitives created: 1
22:37:04 | INFO: Extracting primitive: Cone.062
22:37:04 | INFO: Primitives created: 1
22:37:04 | INFO: Extracting primitive: Sphere.146
22:37:04 | INFO: Primitives created: 1
22:37:04 | INFO: Extracting primitive: Sphere.144
22:37:04 | INFO: Primitives created: 1
22:37:04 | INFO: Extracting primitive: Cone.060
22:37:04 | INFO: Primitives created: 1
22:37:04 | INFO: Extracting primitive: Sphere.148
22:37:04 | INFO: Primitives created: 1
22:37:04 | INFO: Extracting primitive: Cone.064
22:37:04 | INFO: Primitives created: 1
22:37:04 | INFO: Extracting primitive: Cone.065
22:37:04 | INFO: Primitives created: 1
22:37:04 | INFO: Extracting primitive: Sphere.149
22:37:04 | INFO: Primitives created: 1
22:37:04 | INFO: Extracting primitive: Sphere.147
22:37:04 | INFO: Primitives created: 1
22:37:04 | INFO: Extracting primitive: Cone.063
22:37:04 | INFO: Primitives created: 1
22:37:05 | INFO: Finished glTF 2.0 export in 0.8861651420593262 s

22:37:05 | INFO: Starting glTF 2.0 export
22:37:05 | INFO: Extracting primitive: Cone.056
22:37:05 | INFO: Primitives created: 1
22:37:05 | INFO: Extracting primitive: Cone.057
22:37:05 | INFO: Primitives created: 1
22:37:05 | INFO: Extracting primitive: Cone.058
22:37:05 | INFO: Primitives created: 1
22:37:05 | INFO: Extracting primitive: Cone.059
22:37:05 | INFO: Primitives created: 1
22:37:05 | INFO: Extracting primitive: Sphere.132
22:37:05 | INFO: Primitives created: 1
22:37:05 | INFO: Extracting primitive: Sphere.140
22:37:05 | INFO: Primitives created: 1
22:37:05 | INFO: Extracting primitive: Sphere.141
22:37:05 | INFO: Primitives created: 1
22:37:05 | INFO: Extracting primitive: Sphere.142
22:37:05 | INFO: Primitives created: 1
22:37:05 | INFO: Extracting primitive: Sphere.143
22:37:05 | INFO: Primitives created: 1
22:37:05 | INFO: Extracting primitive: Sphere.131
22:37:05 | INFO: Primitives created: 1
22:37:05 | INFO: Extracting primitive: Cube.029
22:37:05 | INFO: Primitives created: 1
22:37:05 | INFO: Extracting primitive: Cube.027
22:37:05 | INFO: Primitives created: 1
22:37:05 | INFO: Extracting primitive: Cube.028
22:37:05 | INFO: Primitives created: 1
22:37:05 | INFO: Extracting primitive: Sphere.136
22:37:05 | INFO: Primitives created: 1
22:37:05 | INFO: Extracting primitive: Sphere.139
22:37:05 | INFO: Primitives created: 1
22:37:05 | INFO: Extracting primitive: Sphere.134
22:37:05 | INFO: Primitives created: 1
22:37:05 | INFO: Extracting primitive: Sphere.137
22:37:05 | INFO: Primitives created: 1
22:37:05 | INFO: Extracting primitive: Sphere.133
22:37:05 | INFO: Primitives created: 1
22:37:05 | INFO: Extracting primitive: Sphere.135
22:37:05 | INFO: Primitives created: 1
22:37:05 | INFO: Extracting primitive: Sphere.138
22:37:05 | INFO: Primitives created: 1
22:37:05 | INFO: Extracting primitive: Sphere.145
22:37:05 | INFO: Primitives created: 1
22:37:05 | INFO: Extracting primitive: Cone.061
22:37:05 | INFO: Primitives created: 1
22:37:05 | INFO: Extracting primitive: Cone.062
22:37:05 | INFO: Primitives created: 1
22:37:05 | INFO: Extracting primitive: Sphere.146
22:37:05 | INFO: Primitives created: 1
22:37:05 | INFO: Extracting primitive: Sphere.144
22:37:05 | INFO: Primitives created: 1
22:37:05 | INFO: Extracting primitive: Cone.060
22:37:05 | INFO: Primitives created: 1
22:37:05 | INFO: Extracting primitive: Sphere.148
22:37:05 | INFO: Primitives created: 1
22:37:05 | INFO: Extracting primitive: Cone.064
22:37:05 | INFO: Primitives created: 1
22:37:05 | INFO: Extracting primitive: Cone.065
22:37:05 | INFO: Primitives created: 1
22:37:05 | INFO: Extracting primitive: Sphere.149
22:37:05 | INFO: Primitives created: 1
22:37:05 | INFO: Extracting primitive: Sphere.147
22:37:05 | INFO: Primitives created: 1
22:37:05 | INFO: Extracting primitive: Cone.063
22:37:05 | INFO: Primitives created: 1
22:37:05 | INFO: Finished glTF 2.0 export in 0.8971943855285645 s

22:37:06 | INFO: Starting glTF 2.0 export
22:37:06 | INFO: Extracting primitive: Cone.056
22:37:06 | INFO: Primitives created: 1
22:37:06 | INFO: Extracting primitive: Cone.057
22:37:06 | INFO: Primitives created: 1
22:37:06 | INFO: Extracting primitive: Cone.058
22:37:06 | INFO: Primitives created: 1
22:37:06 | INFO: Extracting primitive: Cone.059
22:37:06 | INFO: Primitives created: 1
22:37:06 | INFO: Extracting primitive: Sphere.132
22:37:06 | INFO: Primitives created: 1
22:37:06 | INFO: Extracting primitive: Sphere.140
22:37:06 | INFO: Primitives created: 1
22:37:06 | INFO: Extracting primitive: Sphere.141
22:37:06 | INFO: Primitives created: 1
22:37:06 | INFO: Extracting primitive: Sphere.142
22:37:06 | INFO: Primitives created: 1
22:37:06 | INFO: Extracting primitive: Sphere.143
22:37:06 | INFO: Primitives created: 1
22:37:06 | INFO: Extracting primitive: Sphere.131
22:37:06 | INFO: Primitives created: 1
22:37:06 | INFO: Extracting primitive: Cube.029
22:37:06 | INFO: Primitives created: 1
22:37:06 | INFO: Extracting primitive: Cube.027
22:37:06 | INFO: Primitives created: 1
22:37:06 | INFO: Extracting primitive: Cube.028
22:37:06 | INFO: Primitives created: 1
22:37:06 | INFO: Extracting primitive: Sphere.136
22:37:06 | INFO: Primitives created: 1
22:37:06 | INFO: Extracting primitive: Sphere.139
22:37:06 | INFO: Primitives created: 1
22:37:06 | INFO: Extracting primitive: Sphere.134
22:37:06 | INFO: Primitives created: 1
22:37:06 | INFO: Extracting primitive: Sphere.137
22:37:06 | INFO: Primitives created: 1
22:37:06 | INFO: Extracting primitive: Sphere.133
22:37:06 | INFO: Primitives created: 1
22:37:06 | INFO: Extracting primitive: Sphere.135
22:37:06 | INFO: Primitives created: 1
22:37:06 | INFO: Extracting primitive: Sphere.138
22:37:06 | INFO: Primitives created: 1
22:37:06 | INFO: Extracting primitive: Sphere.145
22:37:06 | INFO: Primitives created: 1
22:37:06 | INFO: Extracting primitive: Cone.061
22:37:06 | INFO: Primitives created: 1
22:37:06 | INFO: Extracting primitive: Cone.062
22:37:06 | INFO: Primitives created: 1
22:37:06 | INFO: Extracting primitive: Sphere.146
22:37:06 | INFO: Primitives created: 1
22:37:06 | INFO: Extracting primitive: Sphere.144
22:37:06 | INFO: Primitives created: 1
22:37:06 | INFO: Extracting primitive: Cone.060
22:37:06 | INFO: Primitives created: 1
22:37:06 | INFO: Extracting primitive: Sphere.148
22:37:06 | INFO: Primitives created: 1
22:37:06 | INFO: Extracting primitive: Cone.064
22:37:06 | INFO: Primitives created: 1
22:37:06 | INFO: Extracting primitive: Cone.065
22:37:06 | INFO: Primitives created: 1
22:37:06 | INFO: Extracting primitive: Sphere.149
22:37:06 | INFO: Primitives created: 1
22:37:06 | INFO: Extracting primitive: Sphere.147
22:37:06 | INFO: Primitives created: 1
22:37:06 | INFO: Extracting primitive: Cone.063
22:37:06 | INFO: Primitives created: 1
22:37:07 | INFO: Finished glTF 2.0 export in 1.092942714691162 s

Info: Saved as "Hydro_Drift_Library.blend"
HYDRO_RIGS_COMPLETE
Blender 5.1.2 (hash ec6e62d40fa9 built 2026-05-19 01:37:34)

Blender quit
